// Jest Snapshot v1, https://goo.gl/fbAQLP

exports[`CardList renders correctly 1`] = `
<div
  align="left"
  className="card-list"
>
  <div
    className="card"
  >
    <img
      alt=""
      className="thumb"
      src="https://avatars1.githubusercontent.com/u/2030605?v=4"
    />
    <div
      className="info"
    >
      <div
        className="subtract"
      >
        <a
          href=""
          onClick={[Function]}
        >
          X
        </a>
      </div>
      <div
        className="name"
      >
        Rodrigo
      </div>
      <div
        className="company"
      >
        Area 73
      </div>
    </div>
    <div>
      URL: 
      https://github.com/area73
    </div>
    <div>
      followers: 
      https://api.github.com/users/area73/followers
    </div>
  </div>
  <div
    className="card"
  >
    <img
      alt=""
      className="thumb"
      src="https://avatars3.githubusercontent.com/u/100354?v=4"
    />
    <div
      className="info"
    >
      <div
        className="subtract"
      >
        <a
          href=""
          onClick={[Function]}
        >
          X
        </a>
      </div>
      <div
        className="name"
      >
        Alejandro Revilla
      </div>
      <div
        className="company"
      >
        jPOS.org
      </div>
    </div>
    <div>
      URL: 
      https://github.com/ar
    </div>
    <div>
      followers: 
      https://api.github.com/users/ar/followers
    </div>
  </div>
</div>
`;
